
> sathi@0.1.0 build
> next build

node.exe : ΓÜá Warning: Next.js inferred 
your workspace root, but it may not be 
correct.
At line:1 char:1
+ & "C:\Program Files\nodejs/node.exe" 
"C:\Users\Rahul Pujari\AppData\R ...
+ ~~~~~~~~~~~~~~~~~~~~~~~~~~~~~~~~~~~~~~~~~~
~~~~~~~~~~~~~~~~~~~~~~~~~~~
    + CategoryInfo          : NotSpecified: 
    (ΓÜá Warning: Ne...not be correct.:Str  
  ing) [], RemoteException
    + FullyQualifiedErrorId : NativeCommand 
   Error
 
 We detected multiple lockfiles and 
selected the directory of 
C:\Projects\package-lock.json as the root 
directory.
 To silence this warning, set 
`turbopack.root` in your Next.js config, or 
consider removing one of the lockfiles if 
it's not needed.
   See https://nextjs.org/docs/app/api-refer
ence/config/next-config-js/turbopack#root-di
rectory for more information.
 Detected additional lockfiles: 
   * C:\Projects\Sathi\package-lock.json

Γû▓ Next.js 16.1.6 (Turbopack)
- Environments: .env.local

  Creating an optimized production build ...
Γ£ô Compiled successfully in 11.6s
  Running TypeScript ...
Failed to compile.

./src/app/student/dashboard/page.tsx:1595:20
Type error: Cannot find name 
'DialogDescription'. Did you mean 
'editDescription'?

[0m [90m 1593 |[39m                     
[33mSathi[39m [33mAI[39m 
[33mAssistant[39m
 [90m 1594 |[39m                   [33m<
[39m[33m/[39m[33mDialogTitle[39m[33m>[
39m
[31m[1m>[22m[39m[90m 1595 |[39m       
            
[33m<[39m[33mDialogDescription[39m class
Name[33m=[39m[32m"text-slate-400"[39m[3
3m>[39m
 [90m      |[39m                    
[31m[1m^[22m[39m
 [90m 1596 |[39m                     
[33mAsk[39m a question about your courses 
or community[33m.[39m
 [90m 1597 |[39m                   [33m<
[39m[33m/[39m[33mDialogDescription[39m[
33m>[39m
 [90m 1598 |[39m                 [33m<[3
9m[33m/[39m[33mdiv[39m[33m>[39m[0m
Next.js build worker exited with code: 1 
and signal: null
